New Subah
case1@case MINGW64 ~/Documents/git_ramp
$ git init
Initialized empty Git repository in C:/Users/case1/Documents/git_ramp/.git/

case1@case MINGW64 ~/Documents/git_ramp (master)
$ dir

case1@case MINGW64 ~/Documents/git_ramp (master)
$ ls

case1@case MINGW64 ~/Documents/git_ramp (master)
$ ls -a
./  ../  .git/

case1@case MINGW64 ~/Documents/git_ramp (master)
$ git status
On branch master

No commits yet

nothing to commit (create/copy files and use "git add" to track)

case1@case MINGW64 ~/Documents/git_ramp (master)
$ touch index.html

case1@case MINGW64 ~/Documents/git_ramp (master)
$ git status
On branch master

No commits yet

Untracked files:
  (use "git add <file>..." to include in what will be committed)
        index.html

nothing added to commit but untracked files present (use "git add" to track)

case1@case MINGW64 ~/Documents/git_ramp (master)
$ git add index.html

case1@case MINGW64 ~/Documents/git_ramp (master)
$ git status
On branch master

No commits yet

Changes to be committed:
  (use "git rm --cached <file>..." to unstage)
        new file:   index.html


case1@case MINGW64 ~/Documents/git_ramp (master)
$ git commit -m "create index.html"
[master (root-commit) 6a3ed83] create index.html
 1 file changed, 0 insertions(+), 0 deletions(-)
 create mode 100644 index.html

case1@case MINGW64 ~/Documents/git_ramp (master)
$ git status
On branch master
nothing to commit, working tree clean

case1@case MINGW64 ~/Documents/git_ramp (master)
$ git log
commit 6a3ed83d584a283645998aeba33b040b3f5e3226 (HEAD -> master)
Author: Saurabh <saurabh.prasad@jashds.com>
Date:   Sun Oct 2 11:10:07 2022 +0530

    create index.html

case1@case MINGW64 ~/Documents/git_ramp (master)
$ touch app.js

case1@case MINGW64 ~/Documents/git_ramp (master)
$ touch styles.css

case1@case MINGW64 ~/Documents/git_ramp (master)
$ git status
On branch master
Changes not staged for commit:
  (use "git add <file>..." to update what will be committed)
  (use "git restore <file>..." to discard changes in working directory)
        modified:   index.html

Untracked files:
  (use "git add <file>..." to include in what will be committed)
        app.js
        styles.css

no changes added to commit (use "git add" and/or "git commit -a")

case1@case MINGW64 ~/Documents/git_ramp (master)
$ git add index.html app.js

case1@case MINGW64 ~/Documents/git_ramp (master)
$ git status
On branch master
Changes to be committed:
  (use "git restore --staged <file>..." to unstage)
        new file:   app.js
        modified:   index.html

Untracked files:
  (use "git add <file>..." to include in what will be committed)
        styles.css


case1@case MINGW64 ~/Documents/git_ramp (master)
$ git commit -m "add app logic"
[master be8ce76] add app logic
 2 files changed, 14 insertions(+)
 create mode 100644 app.js

case1@case MINGW64 ~/Documents/git_ramp (master)
$ git status
On branch master
Untracked files:
  (use "git add <file>..." to include in what will be committed)
        styles.css

nothing added to commit but untracked files present (use "git add" to track)

case1@case MINGW64 ~/Documents/git_ramp (master)
$ git log
commit be8ce76822c3f89f6704f5e869181ba7faf5bb08 (HEAD -> master)
Author: Saurabh <saurabh.prasad@jashds.com>
Date:   Sun Oct 2 11:21:15 2022 +0530

    add app logic

commit 6a3ed83d584a283645998aeba33b040b3f5e3226
Author: Saurabh <saurabh.prasad@jashds.com>
Date:   Sun Oct 2 11:10:07 2022 +0530

    create index.html

case1@case MINGW64 ~/Documents/git_ramp (master)
$ git status
On branch master
Changes not staged for commit:
  (use "git add <file>..." to update what will be committed)
  (use "git restore <file>..." to discard changes in working directory)
        modified:   index.html

Untracked files:
  (use "git add <file>..." to include in what will be committed)
        styles.css

no changes added to commit (use "git add" and/or "git commit -a")

case1@case MINGW64 ~/Documents/git_ramp (master)
$ git add .

case1@case MINGW64 ~/Documents/git_ramp (master)
$ git status
On branch master
Changes to be committed:
  (use "git restore --staged <file>..." to unstage)
        modified:   index.html
        new file:   styles.css


case1@case MINGW64 ~/Documents/git_ramp (master)
$ git commit -m "add basic styles"
[master 9c56e9f] add basic styles
 2 files changed, 8 insertions(+)
 create mode 100644 styles.css

case1@case MINGW64 ~/Documents/git_ramp (master)
$ git log
commit 9c56e9f57fdf9650cd9e83cc592948f33761a833 (HEAD -> master)
Author: Saurabh <saurabh.prasad@jashds.com>
Date:   Sun Oct 2 11:26:51 2022 +0530

    add basic styles

commit be8ce76822c3f89f6704f5e869181ba7faf5bb08
Author: Saurabh <saurabh.prasad@jashds.com>
Date:   Sun Oct 2 11:21:15 2022 +0530

    add app logic

commit 6a3ed83d584a283645998aeba33b040b3f5e3226
Author: Saurabh <saurabh.prasad@jashds.com>
Date:   Sun Oct 2 11:10:07 2022 +0530

    create index.html

case1@case MINGW64 ~/Documents/git_ramp (master)
$ git status
On branch master
Changes not staged for commit:
  (use "git add <file>..." to update what will be committed)
  (use "git restore <file>..." to discard changes in working directory)
        modified:   styles.css

no changes added to commit (use "git add" and/or "git commit -a")

case1@case MINGW64 ~/Documents/git_ramp (master)
$ git add .

case1@case MINGW64 ~/Documents/git_ramp (master)
$ git commit -m "change bg color on body"
[master 3806e80] change bg color on body
 1 file changed, 1 insertion(+), 1 deletion(-)

case1@case MINGW64 ~/Documents/git_ramp (master)
$ git log
commit 3806e80639a14df8c6eac79314ebab49925fc812 (HEAD -> master)
Author: Saurabh <saurabh.prasad@jashds.com>
Date:   Sun Oct 2 11:29:41 2022 +0530

    change bg color on body

commit 9c56e9f57fdf9650cd9e83cc592948f33761a833
Author: Saurabh <saurabh.prasad@jashds.com>
Date:   Sun Oct 2 11:26:51 2022 +0530

    add basic styles

commit be8ce76822c3f89f6704f5e869181ba7faf5bb08
Author: Saurabh <saurabh.prasad@jashds.com>
Date:   Sun Oct 2 11:21:15 2022 +0530

    add app logic

commit 6a3ed83d584a283645998aeba33b040b3f5e3226
Author: Saurabh <saurabh.prasad@jashds.com>
Date:   Sun Oct 2 11:10:07 2022 +0530

    create index.html

case1@case MINGW64 ~/Documents/git_ramp (master)
$

case1@case MINGW64 ~/Documents/git_ramp (master)
$

case1@case MINGW64 ~/Documents/git_ramp (master)
$ git checkout ^C

case1@case MINGW64 ~/Documents/git_ramp (master)
$ git log
commit 3806e80639a14df8c6eac79314ebab49925fc812 (HEAD -> master)
Author: Saurabh <saurabh.prasad@jashds.com>
Date:   Sun Oct 2 11:29:41 2022 +0530

    change bg color on body

commit 9c56e9f57fdf9650cd9e83cc592948f33761a833
Author: Saurabh <saurabh.prasad@jashds.com>
Date:   Sun Oct 2 11:26:51 2022 +0530

    add basic styles

commit be8ce76822c3f89f6704f5e869181ba7faf5bb08
Author: Saurabh <saurabh.prasad@jashds.com>
Date:   Sun Oct 2 11:21:15 2022 +0530

    add app logic

commit 6a3ed83d584a283645998aeba33b040b3f5e3226
Author: Saurabh <saurabh.prasad@jashds.com>
Date:   Sun Oct 2 11:10:07 2022 +0530

    create index.html

case1@case MINGW64 ~/Documents/git_ramp (master)
$ git checkout 9c56e9f57fdf9650cd9e83cc592948f33761a833
Note: switching to '9c56e9f57fdf9650cd9e83cc592948f33761a833'.

You are in 'detached HEAD' state. You can look around, make experimental
changes and commit them, and you can discard any commits you make in this
state without impacting any branches by switching back to a branch.

If you want to create a new branch to retain commits you create, you may
do so (now or later) by using -c with the switch command. Example:

  git switch -c <new-branch-name>

Or undo this operation with:

  git switch -

Turn off this advice by setting config variable advice.detachedHead to false

HEAD is now at 9c56e9f add basic styles

case1@case MINGW64 ~/Documents/git_ramp ((9c56e9f...))
$ git branch
* (HEAD detached at 9c56e9f)
  master

case1@case MINGW64 ~/Documents/git_ramp ((9c56e9f...))
$ git checkout master
Previous HEAD position was 9c56e9f add basic styles
Switched to branch 'master'

case1@case MINGW64 ~/Documents/git_ramp (master)
$ git branch
* master

case1@case MINGW64 ~/Documents/git_ramp (master)
$ git bracnh crazycolors
git: 'bracnh' is not a git command. See 'git --help'.

The most similar command is
        branch

case1@case MINGW64 ~/Documents/git_ramp (master)
$ git branch crazycolors

case1@case MINGW64 ~/Documents/git_ramp (master)
$ git branch
  crazycolors
* master

case1@case MINGW64 ~/Documents/git_ramp (master)
$ git checkout crazycolors
Switched to branch 'crazycolors'

case1@case MINGW64 ~/Documents/git_ramp (crazycolors)
$ git log
commit 3806e80639a14df8c6eac79314ebab49925fc812 (HEAD -> crazycolors, master)
Author: Saurabh <saurabh.prasad@jashds.com>
Date:   Sun Oct 2 11:29:41 2022 +0530

    change bg color on body

commit 9c56e9f57fdf9650cd9e83cc592948f33761a833
Author: Saurabh <saurabh.prasad@jashds.com>
Date:   Sun Oct 2 11:26:51 2022 +0530

    add basic styles

commit be8ce76822c3f89f6704f5e869181ba7faf5bb08
Author: Saurabh <saurabh.prasad@jashds.com>
Date:   Sun Oct 2 11:21:15 2022 +0530

    add app logic

commit 6a3ed83d584a283645998aeba33b040b3f5e3226
Author: Saurabh <saurabh.prasad@jashds.com>
Date:   Sun Oct 2 11:10:07 2022 +0530

    create index.html

case1@case MINGW64 ~/Documents/git_ramp (crazycolors)
$ git status
On branch crazycolors
Changes not staged for commit:
  (use "git add <file>..." to update what will be committed)
  (use "git restore <file>..." to discard changes in working directory)
        modified:   index.html
        modified:   styles.css

Untracked files:
  (use "git add <file>..." to include in what will be committed)
        git_tutorial.txt

no changes added to commit (use "git add" and/or "git commit -a")

case1@case MINGW64 ~/Documents/git_ramp (crazycolors)
$ git add index.html styles.css

case1@case MINGW64 ~/Documents/git_ramp (crazycolors)
$ git commit -m "add animated bg"
[crazycolors f8e1671] add animated bg
 2 files changed, 49 insertions(+), 3 deletions(-)

case1@case MINGW64 ~/Documents/git_ramp (crazycolors)
$ git log
commit f8e167113ddf8df6ef7141328f0e83dea7c52ac8 (HEAD -> crazycolors)
Author: Saurabh <saurabh.prasad@jashds.com>
Date:   Sun Oct 2 12:14:39 2022 +0530

    add animated bg

commit 3806e80639a14df8c6eac79314ebab49925fc812 (master)
Author: Saurabh <saurabh.prasad@jashds.com>
Date:   Sun Oct 2 11:29:41 2022 +0530

    change bg color on body

commit 9c56e9f57fdf9650cd9e83cc592948f33761a833
Author: Saurabh <saurabh.prasad@jashds.com>
Date:   Sun Oct 2 11:26:51 2022 +0530

    add basic styles

commit be8ce76822c3f89f6704f5e869181ba7faf5bb08
Author: Saurabh <saurabh.prasad@jashds.com>
Date:   Sun Oct 2 11:21:15 2022 +0530

    add app logic

commit 6a3ed83d584a283645998aeba33b040b3f5e3226
Author: Saurabh <saurabh.prasad@jashds.com>
Date:   Sun Oct 2 11:10:07 2022 +0530

    create index.html

case1@case MINGW64 ~/Documents/git_ramp (crazycolors)
$ git branch
* crazycolors
  master

case1@case MINGW64 ~/Documents/git_ramp (crazycolors)
$ git checkout master
Switched to branch 'master'

case1@case MINGW64 ~/Documents/git_ramp (master)
$ git log
commit 3806e80639a14df8c6eac79314ebab49925fc812 (HEAD -> master)
Author: Saurabh <saurabh.prasad@jashds.com>
Date:   Sun Oct 2 11:29:41 2022 +0530

    change bg color on body

commit 9c56e9f57fdf9650cd9e83cc592948f33761a833
Author: Saurabh <saurabh.prasad@jashds.com>
Date:   Sun Oct 2 11:26:51 2022 +0530

    add basic styles

commit be8ce76822c3f89f6704f5e869181ba7faf5bb08
Author: Saurabh <saurabh.prasad@jashds.com>
Date:   Sun Oct 2 11:21:15 2022 +0530

    add app logic

commit 6a3ed83d584a283645998aeba33b040b3f5e3226
Author: Saurabh <saurabh.prasad@jashds.com>
Date:   Sun Oct 2 11:10:07 2022 +0530

    create index.html

case1@case MINGW64 ~/Documents/git_ramp (master)
$


case1@case MINGW64 ~/Documents/git_ramp (master)
$


case1@case MINGW64 ~/Documents/git_ramp (master)
$

case1@case MINGW64 ~/Documents/git_ramp (master)
$ git merge crazycolors
Updating 3806e80..f8e1671
Fast-forward
 index.html |  5 ++++-
 styles.css | 47 +++++++++++++++++++++++++++++++++++++++++++++--
 2 files changed, 49 insertions(+), 3 deletions(-)

case1@case MINGW64 ~/Documents/git_ramp (master)
$ git log
commit f8e167113ddf8df6ef7141328f0e83dea7c52ac8 (HEAD -> master, crazycolors)
Author: Saurabh <saurabh.prasad@jashds.com>
Date:   Sun Oct 2 12:14:39 2022 +0530

    add animated bg

commit 3806e80639a14df8c6eac79314ebab49925fc812
Author: Saurabh <saurabh.prasad@jashds.com>
Date:   Sun Oct 2 11:29:41 2022 +0530

    change bg color on body

commit 9c56e9f57fdf9650cd9e83cc592948f33761a833
Author: Saurabh <saurabh.prasad@jashds.com>
Date:   Sun Oct 2 11:26:51 2022 +0530

    add basic styles

commit be8ce76822c3f89f6704f5e869181ba7faf5bb08
Author: Saurabh <saurabh.prasad@jashds.com>
Date:   Sun Oct 2 11:21:15 2022 +0530

    add app logic

commit 6a3ed83d584a283645998aeba33b040b3f5e3226
Author: Saurabh <saurabh.prasad@jashds.com>
Date:   Sun Oct 2 11:10:07 2022 +0530

    create index.html

case1@case MINGW64 ~/Documents/git_ramp (master)
$ git status
On branch master
Untracked files:
  (use "git add <file>..." to include in what will be committed)
        git_tutorial.txt

nothing added to commit but untracked files present (use "git add" to track)

case1@case MINGW64 ~/Documents/git_ramp (master)
$
